{
  "resourceType": "Immunization",
  "identifier": [
    {
      "type": {
        "coding": [
          {
            "system": "http://terminology.hl7.org/CodeSystem/v2-0203",
            "code": "RI",
            "display": "Resource Identifier"
          }
        ]
      },
      "value": "8576713"
    }
  ],
  "status": "completed",
  "vaccineCode": {
    "coding": [
      {
        "system": "urn:oid:1.2.36.1.2001.1005.17",
        "code": "GNHEP"
      }
    ]
  },
  "patient": {
    "reference": "Patient/dda84174-22dc-4af5-a5f0-2e9f828365c8"
  },
  "occurrenceDateTime": "2015-01-17T16:00:00+10:00",
  "location": {
    "reference": "Location/d4dc14ea-a5a2-481e-aa0d-3432e0b562eb"
  },
  "expirationDate": "2023-02-28",
  "site": {
    "coding": [
      {
        "system": "http://terminology.hl7.org/CodeSystem/v3-ActSite",
        "code": "LT",
        "display": "left thigh"
      }
    ]
  },
  "route": {
    "coding": [
      {
        "system": "http://terminology.hl7.org/CodeSystem/v3-RouteOfAdministration",
        "code": "IM",
        "display": "Injection, intramuscular"
      }
    ]
  },
  "doseQuantity": {
    "value": 0.5,
    "code": "ml"
  },
  "performer": [
    {
      "actor": {
        "reference": "Practitioner/2bb088a4-5259-47b2-8d0b-8d67d4af8fca"
      }
    }
  ]
}