{
  "resourceType": "Location",
  "status": "active",
  "name": "Patient Home",
  "alias": [
    "Home"
  ],
  "description": "Patient Home",
  "mode": "kind",
  "type": [
    {
      "coding": [
        {
          "system": "http://terminology.hl7.org/CodeSystem/v3-RoleCode",
          "code": "PTRES",
          "display": "Patient Residence"
        }
      ]
    }
  ],
  "physicalType": {
    "coding": [
      {
        "system": "http://terminology.hl7.org/CodeSystem/location-physical-type",
        "code": "ho",
        "display": "House"
      }
    ]
  },
  "managingOrganization": {
    "reference": "Organization/1c8ed3d8-6bca-47e7-aad4-2c65c7961099"
  }
}