{
  "resourceType": "MedicationStatement",
  "identifier": [
    {
      "type": {
        "coding": [
          {
            "system": "http://terminology.hl7.org/CodeSystem/v2-0203",
            "code": "RI",
            "display": "Resource Identifier"
          }
        ]
      },
      "system": "http://www.bmc.nl/portal/prescriptions",
      "value": "12345689"
    }
  ],
  "status": "active",
  "medicationCodeableConcept": {
    "coding": [
      {
        "system": "http://snomed.info/sct",
        "code": "27658006",
        "display": "Amoxicillin (product)"
      }
    ]
  },
  "subject": {
    "reference": "Patient/69f946cb-a475-429d-ba9f-9ce0751a1904"
  },
  "effectivePeriod": {
    "start": "2015-01-17T16:00:00+10:00",
    "end": "2015-01-17T16:30:00+10:00"
  },
  "dateAsserted": "2015-01-17",
  "reasonCode": [
    {
      "coding": [
        {
          "system": "http://snomed.info/sct",
          "code": "65363002",
          "display": "Otitis Media"
        }
      ]
    }
  ],
  "note": [
    {
      "text": "Patient indicates they miss the occasional dose"
    }
  ]
}