{
  "resourceType": "MedicationRequest",
  "identifier": [
    {
      "type": {
        "coding": [
          {
            "system": "http://terminology.hl7.org/CodeSystem/v2-0203",
            "code": "RI",
            "display": "Resource Identifier"
          }
        ]
      },
      "system": "http://www.bmc.nl/portal/prescriptions",
      "value": "12345689"
    }
  ],
  "status": "active",
  "intent": "order",
  "medicationReference": {
    "reference": "Medication/e74abfd4-d039-451d-b949-690464e9a1ca"
  },
  "subject": {
    "reference": "Patient/69f946cb-a475-429d-ba9f-9ce0751a1904"
  },
  "authoredOn": "2015-01-15",
  "requester": {
    "reference": "Practitioner/a10b4988-8e0d-4f9c-8af6-8a351f5afc5a"
  },
  "reasonCode": [
    {
      "coding": [
        {
          "system": "http://snomed.info/sct",
          "code": "92818009",
          "display": "Chronic myeloid Leukemia (disorder)"
        }
      ]
    }
  ],
  "dosageInstruction": [
    {
      "sequence": 1,
      "text": "1 tablet every morning, 2 tablets everyday at 3:00"
    }
  ],
  "dispenseRequest": {
    "quantity": {
      "value": 90
    },
    "expectedSupplyDuration": {
      "value": "30",
      "unit": "days",
      "system": "http://unitsofmeasure.org",
      "code": "d"
    }
  }
}