{
  "resourceType": "Organization",
  "identifier": [
    {
      "type": {
        "coding": [
          {
            "system": "http://terminology.hl7.org/CodeSystem/v2-0203",
            "code": "TAX",
            "display": "Tax ID number"
          }
        ]
      },
      "system": "urn:oid:2.16.840.1.113883.4.4",
      "value": "983748232"
    },
    {
      "type": {
        "coding": [
          {
            "system": "http://terminology.hl7.org/CodeSystem/v2-0203",
            "code": "RI",
            "display": "Resource Identifier"
          }
        ]
      },
      "system": "http://healthec.com/identifier/practice/sub_group_id",
      "value": "NECQ1032"
    }
  ],
  "active": true,
  "type": [
    {
      "coding": [
        {
          "system": "http: //terminology.hl7.org/CodeSystem/organization-type",
          "code": "prov",
          "display": "Healthcare Provider"
        }
      ]
    }
  ],
  "name": "Good Health Clinic",
  "partOf": {
    "reference": "Organization/bb7a0594-6be2-44e9-a1d4-dab0c74f91aa"
  },
  "telecom": [
    {
      "system": "phone",
      "use": "mobile",
      "value": "(03) 3410 5613"
    },
    {
      "system": "email",
      "value": "michael.jackson@gmail.com"
    }
  ],
  "address": [
    {
      "line": [
        "132, Erewhon St"
      ],
      "city": "Kingston",
      "state": "New York",
      "postalCode": "12401"
    }
  ]
}