{
  "resourceType": "Patient",
  "identifier": [
    {
      "type": {
        "coding": [
          {
            "system": "http://terminology.hl7.org/CodeSystem/v2-0203",
            "code": "SS"
          }
        ]
      },
      "system": "urn:oid:2.16.840.1.113883.4.1",
      "value": "983748232"
    },
    {
      "type": {
        "coding": [
          {
            "system": "http://terminology.hl7.org/CodeSystem/v2-0203",
            "code": "RI",
            "display": "Resource Identifier"
          }
        ]
      },
      "system": "http://healthec.com/identifier/member/health_record_key",
      "value": "HEC2091"
    },
    {
      "type": {
        "coding": [
          {
            "system": "http://terminology.hl7.org/CodeSystem/v2-0203",
            "code": "SN",
            "display": "Subscriber Number"
          }
        ]
      },
      "value": "48232"
    },
    {
      "type": {
        "coding": [
          {
            "system": "http://terminology.hl7.org/CodeSystem/v2-0203",
            "code": "MA",
            "display": "Patient Medicaid number"
          }
        ]
      },
      "value": "98"
    },
    {
      "type": {
        "coding": [
          {
            "system": "http://terminology.hl7.org/CodeSystem/v2-0203",
            "code": "SB",
            "display": "Social Beneficiary Identifier"
          }
        ]
      },
      "value": "10323"
    }
  ],
  "name": [
    {
      "use": "official",
      "family": "Jackson",
      "given": [
        "Michael"
      ]
    }
  ],
  "active": true,
  "telecom": [
    {
      "system": "phone",
      "use": "mobile",
      "value": "(03) 3410 5613"
    },
    {
      "system": "email",
      "value": "michael.jackson@gmail.com"
    }
  ],
  "gender": "male",
  "birthDate": "1967-07-01",
  "address": [
    {
      "line": [
        "132, Erewhon St"
      ],
      "city": "Kingston",
      "state": "New York",
      "postalCode": "12401"
    }
  ],
  "extension": [
    {
      "url": "http://hl7.org/fhir/us/core/StructureDefinition/us-core-race",
      "extension": [
        {
          "url": "ombCategory",
          "valueCoding": {
            "system": "urn:oid:2.16.840.1.113883.6.238",
            "code": "2106-3",
            "display": "White"
          }
        },
        {
          "url": "text",
          "valueString": "White"
        }
      ]
    },
    {
      "url": "http://hl7.org/fhir/us/core/StructureDefinition/us-core-ethnicity",
      "extension": [
        {
          "url": "ombCategory",
          "valueCoding": {
            "system": "urn:oid:2.16.840.1.113883.6.238",
            "code": "2135-2",
            "display": "Hispanic or Latino"
          }
        },
        {
          "url": "text",
          "valueString": "Hispanic or Latino"
        }
      ]
    }
  ]
}