{
  "resourceType": "Practitioner",
  "identifier": [
    {
      "type": {
        "coding": [
          {
            "system": "http://terminology.hl7.org/CodeSystem/v2-0203",
            "code": "SS"
          }
        ]
      },
      "system": "urn:oid:2.16.840.1.113883.4.1",
      "value": "983748232"
    },
    {
      "type": {
        "coding": [
          {
            "system": "http://terminology.hl7.org/CodeSystem/v2-0203",
            "code": "NPI"
          }
        ]
      },
      "system": "urn:oid:2.16.840.1.113883.4.6",
      "value": "737257957"
    }
  ],
  "active": true,
  "name": [
    {
      "use": "official",
      "family": "Jackson",
      "given": [
        "Michael"
      ]
    }
  ],
  "telecom": [
    {
      "system": "phone",
      "use": "mobile",
      "value": "(03) 3410 5613"
    },
    {
      "system": "email",
      "value": "michael.jackson@gmail.com"
    }
  ],
  "gender": "male",
  "birthDate": "1967-07-01",
  "address": [
    {
      "line": [
        "132, Erewhon St"
      ],
      "city": "Kingston",
      "state": "New York",
      "postalCode": "12401"
    }
  ]
}