{
    "resourceType": "RelatedPerson",
    "identifier": [
      {
        "type": {
          "coding": [
            {
              "system": "http://terminology.hl7.org/CodeSystem/v2-0203",
              "code": "SN",
              "display": "Subscriber Number"
            }
          ]
        },
        "value": "48232"
      }
    ],
    "name": [
      {
        "use": "official",
        "family": "Jackson",
        "given": [
          "Michael"
        ]
      }
    ],
    "active": true,
    "patient": {
      "reference": "Patient/f2b8db7e-c0a4-40d2-a245-93ea68699394"
    },
    "relationship": {
      "coding": [
        {
          "code": "other",
          "display": "Other"
        }
      ]
    },
    "telecom": [
      {
        "system": "phone",
        "use": "mobile",
        "value": "(03) 3410 5613"
      },
      {
        "system": "email",
        "value": "michael.jackson@gmail.com"
      }
    ],
    "gender": "male",
    "birthDate": "1967-07-01",
    "address": [
      {
        "line": [
          "132, Erewhon St"
        ],
        "city": "Kingston",
        "state": "New York",
        "postalCode": "12401"
      }
    ],
    "period": {
      "start": "2023-01-01",
      "end": "2023-12-31"
    }
  }