[
	{
		"alternate_member_id": "1000",
		"esrd_dual_status_code": "4265129",
		"insurance_company_id": "10002788",
		"insurance_company_name": "GENERAL PPO",
		"insurance_effective_date": "20121001",
		"insurance_end_date": "20170812",
		"member_address_line_1": "343 Thornall Street",
		"member_city": "Edison",
		"member_country": "USA",
		"member_dob": "19850101",
		"member_first_name": "FTest1",
		"member_gender": "M",
		"member_id": "1234444",
		"member_id_suffix": "02",
		"member_last_name": "LTest1",
		"member_mbi": "HMO",
		"member_name_prefix": "177054001",
		"member_name_suffix": "FIRSTPY01, LASTPY01",
		"member_phone_home": "7322710600",
		"member_relationship_code": "H",
		"member_ssn": "AA000317",
		"member_state": "NJ",
		"member_zip": "08837",
		"physician_last_name": "COMM",
		"physician_npi": "HHMR0001",
		"row_id": "5fff35e2-ec9d-4365-b44a-3359d44c3db8",
		"subscriber_id": "100112060"
	},
	{
		"alternate_member_id": "1000",
		"esrd_dual_status_code": "10781216",
		"insurance_company_id": "10000026",
		"insurance_company_name": "NON-GROUP PROGRAM SENIOR PLUS",
		"insurance_effective_date": "20210101",
		"insurance_end_date": "20211231",
		"member_address_line_1": "343 Thornall Street",
		"member_address_line_2": "Suite #630",
		"member_city": "Edison",
		"member_country": "USA",
		"member_dob": "19470101",
		"member_first_name": "FTest2",
		"member_gender": "F",
		"member_id": "7777777",
		"member_id_suffix": "00",
		"member_last_name": "LTest2",
		"member_mbi": "HMO",
		"member_medicaid_id": "IPD",
		"member_name_prefix": "1912991001",
		"member_name_suffix": "FIRSTPY02, LASTPY02",
		"member_phone_home": "7322710600",
		"member_relationship_code": "M",
		"member_ssn": "MA000252",
		"member_state": "NJ",
		"member_zip": "08837",
		"physician_last_name": "MA",
		"physician_npi": "MHMI0007",
		"row_id": "e2e7e4db-1a98-4468-84c5-e4e1f13a34eb",
		"subscriber_id": "100984456"
	},
	{
		"alternate_member_id": "1000",
		"esrd_dual_status_code": "2734540",
		"insurance_company_id": "10000672",
		"insurance_company_name": "GENERAL HMO",
		"insurance_effective_date": "20200101",
		"insurance_end_date": "20681231",
		"member_address_line_1": "343 Thornall Street",
		"member_city": "Edison",
		"member_country": "USA",
		"member_dob": "19480101",
		"member_first_name": "FTest3",
		"member_gender": "F",
		"member_id": "9876567",
		"member_id_suffix": "00",
		"member_last_name": "LTest3",
		"member_mbi": "HMO",
		"member_name_prefix": "1760444001",
		"member_name_suffix": "FIRSTPY03, LASTPY03",
		"member_phone_home": "7322710600",
		"member_relationship_code": "M",
		"member_ssn": "MA000196",
		"member_state": "NJ",
		"member_zip": "08837",
		"physician_last_name": "MA",
		"physician_npi": "MHMG0022",
		"row_id": "ab7eb5ce-efff-45bb-9a8c-62fe5ba1a953",
		"subscriber_id": "100116285"
	}
]
