[
	{
		"admission_date": "20211212",
		"admission_source": "accident",
		"admission_type": "inpatient",
		"admitting_diagnosis": "1234",
		"alternate_member_id": "12222222",
		"attending_first_name": "Adam Meds",
		"attending_internal_id": "12345",
		"attending_last_name": "Adam Meds",
		"attending_npi": "7684536713",
		"claim_adjudication_status": "inactive",
		"claim_allowed_amount": "23456",
		"claim_billed_date": "20221212",
		"claim_coinsurance_amount": "2345",
		"claim_copay_amount": "23456",
		"claim_deduct_amount": "3456",
		"claim_discount_amount": "1234",
		"claim_disposition": "1111",
		"claim_end_date": "20230312",
		"claim_id": "30029002",
		"claim_other_payer_paid": "3456",
		"claim_paid_date": "20231212",
		"claim_patient_paid_amount": "23456",
		"claim_source_id": "55555",
		"claim_start_date": "20230301",
		"claim_total_charges": "100.00",
		"claim_total_paid": "34567",
		"claim_type": "oral",
		"claim_type_of_bill": "insurance",
		"cpt_code": "0378T",
		"cpt_code_desc": "cpt_code_desc",
		"diagnosis_code_1": "G11",
		"diagnosis_code_2": "1233",
		"diagnosis_code_3": "1236",
		"diagnosis_code_4": "1234",
		"discharge_date": "20221212",
		"discharge_status": "Completed",
		"drg_code": "D01",
		"drg_type": "drg_type",
		"emergency_indicator": "false",
		"hcpcs_code": "234",
		"hcpcs_code_desc": "hcpcs_code_desc",
		"icd_version": "9",
		"insurance_company_id": "123",
		"insurance_company_name": "Adam Meds",
		"insurance_group_id": "8888888",
		"insurance_group_name": "insurance_group_name",
		"insurance_group_plan_id": "22222222",
		"insurance_group_plan_name": "insurance_group_plan_name",
		"line_adjudication_status": "copay",
		"line_allowed_amount": "1234",
		"line_allowed_units": "3",
		"line_amount_paid": "35.00",
		"line_coinsurance_amount": "2345",
		"line_copay_amount": "3423",
		"line_deduct_amount": "2343",
		"line_discount_amount": "2344",
		"line_item_control_number": "11",
		"line_number": "1",
		"line_other_payer_paid": "1223",
		"line_patient_paid_amount": "2322",
		"line_payment_level": "high",
		"line_rendering_participation": "77",
		"mco_paid_amount": "66",
		"medicare_paid_amount": "2343",
		"member_address_line_1": "member_address_line_1",
		"member_address_line_2": "member_address_line_2",
		"member_city": "member_city",
		"member_dob": "member_dob",
		"member_first_name": "Eden",
		"member_gender": "member_gender",
		"member_id": "6252945800",
		"member_id_suffix": "member_id_suffix",
		"member_internal_id": "member_internal_id",
		"member_last_name": "Littel",
		"member_mbi": "99999",
		"member_medicaid_id": "6666",
		"member_middle_initial": "K",
		"member_mrn": "member_mrn",
		"member_relationship_code": "S",
		"member_ssn": "111111",
		"member_state": "member_state",
		"member_zip": "member_zip",
		"network_paid_ind": "yes",
		"place_of_service": "ICU",
		"previous_claim_id": "8888888887777",
		"primary_diagnosis": "G11",
		"primary_payer_code": "9876",
		"principal_procedure_code": "876",
		"principal_procedure_desc": "principal_procedure_desc",
		"provider_org_napb_id": "8888888",
		"reffering_first_name": "reffering_first_name",
		"reffering_internal_id": "reffering_internal_id",
		"reffering_last_name": "reffering_last_name",
		"reffering_npi": "999888777",
		"render_prescriber_first_name": "Adam Meds",
		"render_prescriber_internal_id": "12345",
		"render_prescriber_last_name": "Adam Meds",
		"render_prescriber_npi": "7684536715",
		"rendering_facility_internal_id": "5432",
		"rendering_facility_name": "rendering_facility_name",
		"rendering_facility_npi": "34567",
		"revenue_code": "R01",
		"row_id": "0aff35e2-ec9d-4365-b44a-3359d44c3db8",
		"service_end_date": "20230303",
		"service_line_charges": "35.00",
		"service_line_disposition": "service_line_disposition",
		"service_line_paid_date": "23112022",
		"service_modifier_1": "service_modifier_1",
		"service_modifier_2": "service_modifier_2",
		"service_modifier_3": "service_modifier_3",
		"service_modifier_4": "service_modifier_4",
		"service_start_date": "20230303",
		"service_units": "service_units",
		"sort_card": "sort_card",
		"subscriber_id": "88843567",
		"type_of_service": "type_of_service",
		"void_sort": "void_sort"
	}
]
