[
	{
		"alternate_member_id": "86545673",
		"claim_adjudication_status": "complete",
		"claim_billed_date": "20221212",
		"claim_copay_amount": "9876",
		"claim_disposition": "claim_disposition",
		"claim_end_date": "20230312",
		"claim_id": "30029002",
		"claim_other_payer_paid": "34567",
		"claim_paid_date": "20221112",
		"claim_paid_status": "complete",
		"claim_patient_paid_amount": "6434",
		"claim_start_date": "20230301",
		"claim_total_charges": "87654",
		"claim_total_paid": "8765",
		"claim_type": "oral",
		"daw_code": "5432WER",
		"days_supply": "10",
		"dispense_date": "20221010",
		"drug_ndc_code": "WER234",
		"drug_ndc_desc": "drug_ndc_desc",
		"drug_quantity": "22",
		"drug_strength": "500ml",
		"generic_branded_ind": "generic_branded_ind",
		"gpi": "2344RWE",
		"insurance_company_id": "123",
		"insurance_company_name": "Adam Meds",
		"insurance_group_id": "98765467",
		"insurance_group_name": "insurance_group_name",
		"insurance_group_plan_id": "98767893",
		"insurance_group_plan_name": "insurance_group_plan_name",
		"line_adjudication_status": "line_adjudication_status",
		"line_amount_paid": "7654",
		"line_copay_amount": "3454",
		"line_item_control_number": "8765",
		"line_number": "765",
		"line_patient_paid_amount": "4322",
		"line_payment_level": "line_payment_level",
		"line_rendering_participation": "line_rendering_participation",
		"mail_order_flag": "T",
		"mco_paid_amount": "12332",
		"member_address_line_1": "member_address_line_1",
		"member_address_line_2": "member_address_line_2",
		"member_city": "member_city",
		"member_dob": "19991212",
		"member_first_name": "Eden",
		"member_gender": "M",
		"member_id": "6252945800",
		"member_id_suffix": "REW",
		"member_internal_id": "12341234",
		"member_last_name": "Littel",
		"member_mbi": "54345434",
		"member_medicaid_id": "34542345",
		"member_middle_initial": "member_middle_initial",
		"member_mrn": "67643563",
		"member_relationship_code": "12344321",
		"member_ssn": "34542343",
		"member_state": "member_state",
		"member_zip": "member_zip",
		"network_paid_ind": "network_paid_ind",
		"prescription_date": "20221211",
		"prescription_number": "54325432",
		"previous_claim_id": "34534322",
		"primary_payer_code": "9876",
		"provider_org_napb_id": "43212343",
		"render_prescriber_city": "render_prescriber_city",
		"render_prescriber_first_name": "render_prescriber_first_name",
		"render_prescriber_internal_id": "3434342",
		"render_prescriber_last_name": "render_prescriber_last_name",
		"render_prescriber_npi": "8767343",
		"render_prescriber_state": "render_prescriber_state",
		"render_prescriber_street_line_1": "render_prescriber_street_line_1",
		"render_prescriber_street_line_2": "render_prescriber_street_line_2",
		"render_prescriber_zip": "render_prescriber_zip",
		"row_id": "320f35e2-ec9d-4365-b44a-3359d44c3db8",
		"service_end_date": "20221211",
		"service_line_charges": "7654",
		"service_line_disposition": "service_line_disposition",
		"service_line_paid_date": "20221111",
		"service_start_date": "20221212",
		"subscriber_id": "23455434"
	}
]
