[
  {
    "admission_date": "20211212",
    "admission_source": "accident",
    "admission_type": "inpatient",
    "admitting_diagnosis": "1234",
    "alternate_member_id": "7d028bf8dc8a8875ff6cdf79684a2245",
    "attending_first_name": "afad75b2faf407951cd11efefc6efc71",
    "attending_internal_id": "12345",
    "attending_last_name": "afad75b2faf407951cd11efefc6efc71",
    "attending_npi": "0e8d4823ba19d676fd8e1909da9baa65",
    "claim_adjudication_status": "inactive",
    "claim_allowed_amount": "23456",
    "claim_billed_date": "20221212",
    "claim_coinsurance_amount": "2345",
    "claim_copay_amount": "23456",
    "claim_deduct_amount": "3456",
    "claim_discount_amount": "1234",
    "claim_disposition": "1111",
    "claim_end_date": "20230312",
    "claim_id": "30029002",
    "claim_other_payer_paid": "3456",
    "claim_paid_date": "20231212",
    "claim_patient_paid_amount": "23456",
    "claim_source_id": "55555",
    "claim_start_date": "20230301",
    "claim_total_charges": "100.00",
    "claim_total_paid": "34567",
    "claim_type": "oral",
    "claim_type_of_bill": "insurance",
    "cpt_code": "0378T",
    "cpt_code_desc": "cpt_code_desc",
    "diagnosis_code_1": "G11",
    "diagnosis_code_2": "1233",
    "diagnosis_code_3": "1236",
    "diagnosis_code_4": "1234",
    "discharge_date": "20221212",
    "discharge_status": "Completed",
    "drg_code": "D01",
    "drg_type": "drg_type",
    "emergency_indicator": "false",
    "hcpcs_code": "234",
    "hcpcs_code_desc": "hcpcs_code_desc",
    "icd_version": "9",
    "insurance_company_id": "123",
    "insurance_company_name": "Adam Meds",
    "insurance_group_id": "8888888",
    "insurance_group_name": "insurance_group_name",
    "insurance_group_plan_id": "22222222",
    "insurance_group_plan_name": "insurance_group_plan_name",
    "line_adjudication_status": "copay",
    "line_allowed_amount": "1234",
    "line_allowed_units": "3",
    "line_amount_paid": "35.00",
    "line_coinsurance_amount": "2345",
    "line_copay_amount": "3423",
    "line_deduct_amount": "2343",
    "line_discount_amount": "2344",
    "line_item_control_number": "11",
    "line_number": "1",
    "line_other_payer_paid": "1223",
    "line_patient_paid_amount": "2322",
    "line_payment_level": "high",
    "line_rendering_participation": "77",
    "mco_paid_amount": "66",
    "medicare_paid_amount": "2343",
    "member_address_line_1": "c7597e79df67e6c9e6eea8ce8cea309a102ad55d048e135692c28fd4bbd56057",
    "member_address_line_2": "c7597e79df67e6c9e6eea8ce8cea309a333d4b3b61478fe78736f4786ab4fa25",
    "member_city": "15aefc224e273cd48c47f642784ffaba",
    "member_dob": "5a377d980adfd391867d81f7c56ab294",
    "member_first_name": "04853899fdee29f4ee59394d727186d5",
    "member_gender": "member_gender",
    "member_id": "bfcdff78f1489efb76aa35d1758d42be",
    "member_id_suffix": "768cefeb12575a8b0a9f2fecae4ea7fc20a5c6f47975465f0f3a05f8cbbf2ce8",
    "member_internal_id": "member_internal_id",
    "member_last_name": "3a8c7eaa86fd476cd817e6a7311fafa0",
    "member_mbi": "9a1f75883c565da71ebc63688405ea9c",
    "member_medicaid_id": "c4353e49b98d759a38ce947adabfa10d",
    "member_middle_initial": "6f4b665faaba99b0bf2b22aee8507bff",
    "member_mrn": "a308e21b4c69add4338b14b9f1aa5dd3",
    "member_relationship_code": "S",
    "member_ssn": "170a096444b62aea18aa70697927363c",
    "member_state": "b12918694f24d086c01093520e072512",
    "member_zip": "f19dd4e98948cf325580231257ed379c",
    "network_paid_ind": "yes",
    "place_of_service": "ICU",
    "previous_claim_id": "8888888887777",
    "primary_diagnosis": "G11",
    "primary_payer_code": "9876",
    "principal_procedure_code": "876",
    "principal_procedure_desc": "principal_procedure_desc",
    "provider_org_napb_id": "41b0ed19abe6a746f0781f671e24c608",
    "referring_first_name": "50df8ef4a1815c1263b459d686d9fc576364327d4092b98dab38944ce89c32ca",
    "referring_internal_id": "reffering_internal_id",
    "referring_last_name": "34b40cb444bdc036faab2e1ff2af5a7013f0cccd32c8850521f10901bb6dca2a",
    "referring_npi": "4572e526b3afb134e2fd3803ff80ea7f",
    "render_prescriber_first_name": "afad75b2faf407951cd11efefc6efc71",
    "render_prescriber_internal_id": "12345",
    "render_prescriber_last_name": "afad75b2faf407951cd11efefc6efc71",
    "render_prescriber_npi": "3d87aac4b126ea49ff5d15b462f5bea9",
    "rendering_facility_internal_id": "5432",
    "rendering_facility_name": "rendering_facility_name",
    "rendering_facility_npi": "976163fc38ea865bbc19ba3ad3eb4fbf",
    "revenue_code": "R01",
    "row_id": "bfc0ce05-ec9d-4365-b44a-3359d44c3db8",
    "service_end_date": "20230303",
    "service_line_charges": "35.00",
    "service_line_disposition": "service_line_disposition",
    "service_line_paid_date": "23112022",
    "service_modifier_1": "service_modifier_1",
    "service_modifier_2": "service_modifier_2",
    "service_modifier_3": "service_modifier_3",
    "service_modifier_4": "service_modifier_4",
    "service_start_date": "20230303",
    "service_units": "service_units",
    "sort_card": "sort_card",
    "subscriber_id": "f351a33d9116d888fb82ce50b03ab80c",
    "type_of_service": "type_of_service",
    "void_sort": "void_sort"
  }
]
