[
	{
		"abnormal_flag": "Y",
		"attending_doctor_first_name": "20a5c6f47975465f0f3a05f8cbbf2ce8",
		"attending_doctor_last_name": "20a5c6f47975465f0f3a05f8cbbf2ce8",
		"attending_doctor_npi": "20a5c6f47975465f0f3a05f8cbbf2ce8",
		"empi": "20a5c6f47975465f0f3a05f8cbbf2ce8",
		"hic": "20a5c6f47975465f0f3a05f8cbbf2ce8",
		"loinc_code": "94500-6",
		"mrn": "e3433670875fb45a3eb8d799a03fa318",
		"record_type": "04",
		"result_date": "12/21/2023",
		"result_value": "18",
		"row_id": "b7ec9b52-142b-4d70-abdb-49bc0312fd39",
		"ssn": "20a5c6f47975465f0f3a05f8cbbf2ce8",
		"test_description": "Depression Screen: PHQ-9: Modified for Teens"
	},
	{
		"attending_doctor_first_name": "20a5c6f47975465f0f3a05f8cbbf2ce8",
		"attending_doctor_last_name": "20a5c6f47975465f0f3a05f8cbbf2ce8",
		"attending_doctor_npi": "20a5c6f47975465f0f3a05f8cbbf2ce8",
		"collection_date": "12/21/2023",
		"empi": "20a5c6f47975465f0f3a05f8cbbf2ce8",
		"hic": "20a5c6f47975465f0f3a05f8cbbf2ce8",
		"lab_company_name": "In House",
		"lab_reviewed_flag": "N",
		"loinc_code": "94500-6",
		"mrn": "bcb908bca541b3a6445af5aac06c03e6",
		"record_type": "04",
		"reference_range": "0-0",
		"result_date": "12/21/2023",
		"result_text": "20/13",
		"result_time": "03:30:45",
		"result_value": "0",
		"row_id": "0d6304b5-98bf-4e13-aa33-d784c0621700",
		"ssn": "20a5c6f47975465f0f3a05f8cbbf2ce8",
		"test_code": "XLTEYE",
		"test_description": "Left Eye"
	},
	{
		"abnormal_flag": "Normal",
		"attending_doctor_first_name": "20a5c6f47975465f0f3a05f8cbbf2ce8",
		"attending_doctor_last_name": "20a5c6f47975465f0f3a05f8cbbf2ce8",
		"attending_doctor_npi": "20a5c6f47975465f0f3a05f8cbbf2ce8",
		"collection_date": "12/21/2023",
		"empi": "20a5c6f47975465f0f3a05f8cbbf2ce8",
		"hic": "20a5c6f47975465f0f3a05f8cbbf2ce8",
		"lab_company_name": "In House",
		"lab_reviewed_flag": "N",
		"loinc_code": "94500-6",
		"mrn": "9003843ee71ae676da5486edc5c6d788",
		"record_type": "04",
		"reference_range": "0-0",
		"result_date": "12/21/2023",
		"result_text": "20/13",
		"result_time": "01:22:10",
		"result_value": "0",
		"row_id": "0285280c-0610-437b-9b9f-501c63b9fbc6",
		"ssn": "20a5c6f47975465f0f3a05f8cbbf2ce8",
		"test_code": "XRTEYE",
		"test_description": "Right Eye"
	}
]
