[
	{
		"dosage_form": "capsule,delayed release (enteric coated)",
		"empi": "20a5c6f47975465f0f3a05f8cbbf2ce8",
		"hic": "20a5c6f47975465f0f3a05f8cbbf2ce8",
		"medication_name": "omeprazole",
		"medication_ndc": "55111015801",
		"medication_status": "I",
		"mrn": "e3433670875fb45a3eb8d799a03fa318",
		"prescribed_date": "12/21/2023",
		"prescriber_first_name": "20a5c6f47975465f0f3a05f8cbbf2ce8",
		"prescriber_last_name": "20a5c6f47975465f0f3a05f8cbbf2ce8",
		"prescriber_npi": "20a5c6f47975465f0f3a05f8cbbf2ce8",
		"prescription_begin_date": "12/21/2023",
		"prescription_end_date": "01/20/2024",
		"quantity": "capsule     30.0",
		"record_type": "07",
		"row_id": "2c8a4d60-06e4-4689-a402-9cd60387cbd6",
		"sig": "Take 1 cap by mouth once a day for 30 days      May sprinkle,take 20 minutes before a meal",
		"ssn": "20a5c6f47975465f0f3a05f8cbbf2ce8",
		"strength": "20 mg",
		"units": "cap"
	},
	{
		"empi": "20a5c6f47975465f0f3a05f8cbbf2ce8",
		"hic": "20a5c6f47975465f0f3a05f8cbbf2ce8",
		"medication_status": "A",
		"mrn": "bcb908bca541b3a6445af5aac06c03e6",
		"prescribed_date": "12/21/2023",
		"prescriber_first_name": "20a5c6f47975465f0f3a05f8cbbf2ce8",
		"prescriber_last_name": "20a5c6f47975465f0f3a05f8cbbf2ce8",
		"prescriber_npi": "20a5c6f47975465f0f3a05f8cbbf2ce8",
		"prescription_begin_date": "12/21/2023",
		"quantity": "0.0",
		"record_type": "07",
		"row_id": "7ef9ed6b-3851-4fc8-a320-fa43dd469925",
		"ssn": "20a5c6f47975465f0f3a05f8cbbf2ce8"
	},
	{
		"dosage_form": "drops",
		"empi": "20a5c6f47975465f0f3a05f8cbbf2ce8",
		"hic": "20a5c6f47975465f0f3a05f8cbbf2ce8",
		"medication_name": "polymyxin B sulf-trimethoprim",
		"medication_ndc": "17478070311",
		"medication_status": "I",
		"mrn": "d8b4833412ed20f072f8ffc6da873b75",
		"prescribed_date": "12/21/2023",
		"prescriber_first_name": "20a5c6f47975465f0f3a05f8cbbf2ce8",
		"prescriber_last_name": "20a5c6f47975465f0f3a05f8cbbf2ce8",
		"prescriber_npi": "20a5c6f47975465f0f3a05f8cbbf2ce8",
		"prescription_begin_date": "12/21/2023",
		"prescription_end_date": "12/28/2023",
		"quantity": "each     1.0",
		"record_type": "07",
		"row_id": "552288af-618f-4d42-a43f-9e84f30985be",
		"sig": "Apply 1 drop in affected eye four times a day for 7 days",
		"ssn": "20a5c6f47975465f0f3a05f8cbbf2ce8",
		"strength": "10,000 unit- 1 mg/mL",
		"units": "drop"
	},
	{
		"dosage_form": "tablet",
		"empi": "20a5c6f47975465f0f3a05f8cbbf2ce8",
		"hic": "20a5c6f47975465f0f3a05f8cbbf2ce8",
		"medication_name": "escitalopram oxalate",
		"medication_ndc": "33342003811",
		"medication_status": "I",
		"mrn": "0d7f12a5d2df5825697aed6e2499e483",
		"prescribed_date": "12/21/2023",
		"prescriber_first_name": "20a5c6f47975465f0f3a05f8cbbf2ce8",
		"prescriber_last_name": "20a5c6f47975465f0f3a05f8cbbf2ce8",
		"prescriber_npi": "20a5c6f47975465f0f3a05f8cbbf2ce8",
		"prescription_begin_date": "12/01/2023",
		"prescription_end_date": "12/31/2023",
		"quantity": "tablet     30.0",
		"record_type": "07",
		"row_id": "b7fe24bc-fd31-4623-88d1-4e8d71d63aee",
		"sig": "Take 1 tab by mouth once a day for 30 days",
		"ssn": "20a5c6f47975465f0f3a05f8cbbf2ce8",
		"strength": "20 mg",
		"units": "tab"
	},
	{
		"dosage_form": "Tablet,Extended Release 24 hr",
		"empi": "20a5c6f47975465f0f3a05f8cbbf2ce8",
		"hic": "20a5c6f47975465f0f3a05f8cbbf2ce8",
		"medication_name": "methylphenidate HCl",
		"medication_ndc": "42291057190",
		"medication_status": "I",
		"mrn": "2bb50e071571e577752cc1ad6397dbf3",
		"prescribed_date": "12/21/2023",
		"prescriber_first_name": "20a5c6f47975465f0f3a05f8cbbf2ce8",
		"prescriber_last_name": "20a5c6f47975465f0f3a05f8cbbf2ce8",
		"prescriber_npi": "20a5c6f47975465f0f3a05f8cbbf2ce8",
		"prescription_begin_date": "11/20/2023",
		"prescription_end_date": "12/20/2023",
		"quantity": "tablet     30.0",
		"record_type": "07",
		"row_id": "e0f62e34-ea8a-4616-9c00-d61771625fe2",
		"sig": "Take 1 tab by mouth once a day for 30 days      PLEASE DO NOT REFILL BEFORE 6/21/2020",
		"ssn": "20a5c6f47975465f0f3a05f8cbbf2ce8",
		"strength": "54 mg",
		"units": "tab"
	},
	{
		"dosage_form": "Tablet,Extended Release 24 hr",
		"empi": "20a5c6f47975465f0f3a05f8cbbf2ce8",
		"hic": "20a5c6f47975465f0f3a05f8cbbf2ce8",
		"medication_name": "methylphenidate HCl",
		"medication_ndc": "378815501",
		"medication_status": "I",
		"mrn": "e9b70b1e2c865722518b46bbcfd861fe",
		"prescribed_date": "12/21/2023",
		"prescriber_first_name": "20a5c6f47975465f0f3a05f8cbbf2ce8",
		"prescriber_last_name": "20a5c6f47975465f0f3a05f8cbbf2ce8",
		"prescriber_npi": "20a5c6f47975465f0f3a05f8cbbf2ce8",
		"prescription_begin_date": "11/21/2023",
		"prescription_end_date": "12/21/2023",
		"quantity": "tablet     30.0",
		"record_type": "07",
		"row_id": "25dcf3a2-05d2-4df2-8639-4e6def4d7e27",
		"sig": "Take 1 tab by mouth once a day for 30 days",
		"ssn": "20a5c6f47975465f0f3a05f8cbbf2ce8",
		"strength": "18 mg",
		"units": "tab"
	},
	{
		"dosage_form": "Tablet,Extended Release 24 hr",
		"empi": "20a5c6f47975465f0f3a05f8cbbf2ce8",
		"hic": "20a5c6f47975465f0f3a05f8cbbf2ce8",
		"medication_name": "methylphenidate HCl",
		"medication_ndc": "378815501",
		"medication_status": "I",
		"mrn": "a481f20d736b92c5b451ad317e14c197",
		"prescribed_date": "12/21/2023",
		"prescriber_first_name": "20a5c6f47975465f0f3a05f8cbbf2ce8",
		"prescriber_last_name": "20a5c6f47975465f0f3a05f8cbbf2ce8",
		"prescriber_npi": "20a5c6f47975465f0f3a05f8cbbf2ce8",
		"prescription_begin_date": "12/21/2023",
		"prescription_end_date": "01/20/2024",
		"quantity": "tablet     30.0",
		"record_type": "07",
		"row_id": "46445328-fc40-43e1-b122-eef4ee2c8011",
		"sig": "Take 1 tab by mouth once a day for 30 days",
		"ssn": "20a5c6f47975465f0f3a05f8cbbf2ce8",
		"strength": "18 mg",
		"units": "tab"
	},
	{
		"dosage_form": "Tablet,Extended Release 24 hr",
		"empi": "20a5c6f47975465f0f3a05f8cbbf2ce8",
		"hic": "20a5c6f47975465f0f3a05f8cbbf2ce8",
		"medication_name": "methylphenidate HCl",
		"medication_ndc": "42291057190",
		"medication_status": "I",
		"mrn": "0d7f12a5d2df5825697aed6e2499e483",
		"prescribed_date": "12/21/2023",
		"prescriber_first_name": "20a5c6f47975465f0f3a05f8cbbf2ce8",
		"prescriber_last_name": "20a5c6f47975465f0f3a05f8cbbf2ce8",
		"prescriber_npi": "20a5c6f47975465f0f3a05f8cbbf2ce8",
		"prescription_begin_date": "12/21/2023",
		"prescription_end_date": "01/20/2024",
		"quantity": "tablet     30.0",
		"record_type": "07",
		"row_id": "a3dfbe7e-4b1b-4492-ac63-634caea940d6",
		"sig": "Take 1 tab by mouth once a day for 30 days      PLEASE DO NOT REFILL BEFORE 6/21/2020",
		"ssn": "20a5c6f47975465f0f3a05f8cbbf2ce8",
		"strength": "54 mg",
		"units": "tab"
	},
	{
		"dosage_form": "Aerosol With Adapter",
		"empi": "20a5c6f47975465f0f3a05f8cbbf2ce8",
		"hic": "20a5c6f47975465f0f3a05f8cbbf2ce8",
		"medication_name": "Flovent HFA",
		"medication_ndc": "173071820",
		"medication_status": "I",
		"mrn": "2bb50e071571e577752cc1ad6397dbf3",
		"prescribed_date": "12/21/2023",
		"prescriber_first_name": "20a5c6f47975465f0f3a05f8cbbf2ce8",
		"prescriber_last_name": "20a5c6f47975465f0f3a05f8cbbf2ce8",
		"prescriber_npi": "20a5c6f47975465f0f3a05f8cbbf2ce8",
		"prescription_begin_date": "10/25/2023",
		"prescription_end_date": "12/24/2023",
		"quantity": "each     1.0",
		"record_type": "07",
		"row_id": "12f313d3-31dc-4c08-af89-13fb76dc841f",
		"sig": "Inhale 2 puffs by mouth twice a day for 30 days",
		"ssn": "20a5c6f47975465f0f3a05f8cbbf2ce8",
		"strength": "44 mcg/actuation",
		"units": "puffs"
	},
	{
		"dosage_form": "Aerosol With Adapter",
		"empi": "20a5c6f47975465f0f3a05f8cbbf2ce8",
		"hic": "20a5c6f47975465f0f3a05f8cbbf2ce8",
		"medication_name": "fluticasone propionate",
		"medication_ndc": "66993007996",
		"medication_status": "I",
		"mrn": "cce0716d072f75f6e317102656441c25",
		"prescribed_date": "12/21/2023",
		"prescriber_first_name": "20a5c6f47975465f0f3a05f8cbbf2ce8",
		"prescriber_last_name": "20a5c6f47975465f0f3a05f8cbbf2ce8",
		"prescriber_npi": "20a5c6f47975465f0f3a05f8cbbf2ce8",
		"prescription_begin_date": "12/21/2023",
		"prescription_end_date": "01/20/2024",
		"quantity": "gram     10.6",
		"record_type": "07",
		"row_id": "bd11bcf6-08ab-4d7a-8c9e-ca9236877264",
		"sig": "Take 1 puffs by mouth twice a day for 30 days      rinse mouth after use,dispense one inhaler",
		"ssn": "20a5c6f47975465f0f3a05f8cbbf2ce8",
		"strength": "110 mcg/actuation",
		"units": "puffs"
	}
]
