[
	{
		"address_1": "c440a0835375182d48fba64a5feff05c45bcf2885247b6eb17c886d34511408e",
		"address_2": "20a5c6f47975465f0f3a05f8cbbf2ce8",
		"city": "1820e213ffdd3ddc1a0651d6d8f1dd02",
		"country": "US",
		"deceased_date": "20a5c6f47975465f0f3a05f8cbbf2ce8",
		"dob": "a64d6d8406533f2dc14b240677af5e44",
		"email": "20a5c6f47975465f0f3a05f8cbbf2ce8",
		"empi": "20a5c6f47975465f0f3a05f8cbbf2ce8",
		"first_name": "cb8f04157352ac6690b3314846e16d71",
		"gender": "F",
		"hic": "20a5c6f47975465f0f3a05f8cbbf2ce8",
		"last_name": "839bdd810c2a908f40e3c6c60ada0f8b",
		"middle_name": "20a5c6f47975465f0f3a05f8cbbf2ce8",
		"mother_maiden": "20a5c6f47975465f0f3a05f8cbbf2ce8",
		"mrn": "e3433670875fb45a3eb8d799a03fa318",
		"npi": "20a5c6f47975465f0f3a05f8cbbf2ce8",
		"phone_home": "21b0d888b0de89ad973d0da51e5eb45c",
		"phone_mobile": "21b0d888b0de89ad973d0da51e5eb45c",
		"phone_work": "20a5c6f47975465f0f3a05f8cbbf2ce8",
		"previous_name": "20a5c6f47975465f0f3a05f8cbbf2ce8",
		"record_type": "01",
		"row_id": "c784cc78-1445-4d26-89e9-89fc7a79e72c",
		"ssn": "20a5c6f47975465f0f3a05f8cbbf2ce8",
		"state": "eff47d2ddeac470ac71b695e77eeecea",
		"zip": "08837"
	},
	{
		"address_1": "c440a0835375182d48fba64a5feff05c45bcf2885247b6eb17c886d34511408e",
		"address_2": "20a5c6f47975465f0f3a05f8cbbf2ce8",
		"city": "1820e213ffdd3ddc1a0651d6d8f1dd02",
		"country": "US",
		"deceased_date": "20a5c6f47975465f0f3a05f8cbbf2ce8",
		"dob": "c0f920974f586ad864934c1300d52b0c",
		"email": "491960e89aae91c76c9cc97b168b400eed8e767455442a3b2e778b2f81e40784",
		"empi": "20a5c6f47975465f0f3a05f8cbbf2ce8",
		"first_name": "47147b30b87d4b720d7763e585b4fc42",
		"gender": "M",
		"hic": "20a5c6f47975465f0f3a05f8cbbf2ce8",
		"language": "ENGLISH",
		"last_name": "36ca8b29ae1a12ce787d0b8449b09d99",
		"middle_name": "20a5c6f47975465f0f3a05f8cbbf2ce8",
		"mother_maiden": "20a5c6f47975465f0f3a05f8cbbf2ce8",
		"mrn": "bcb908bca541b3a6445af5aac06c03e6",
		"npi": "20a5c6f47975465f0f3a05f8cbbf2ce8",
		"phone_home": "21b0d888b0de89ad973d0da51e5eb45c",
		"phone_mobile": "21b0d888b0de89ad973d0da51e5eb45c",
		"phone_work": "20a5c6f47975465f0f3a05f8cbbf2ce8",
		"previous_name": "20a5c6f47975465f0f3a05f8cbbf2ce8",
		"record_type": "01",
		"row_id": "e7972f6d-1fe3-4a09-ad28-53fffbc9d9c0",
		"ssn": "20a5c6f47975465f0f3a05f8cbbf2ce8",
		"state": "eff47d2ddeac470ac71b695e77eeecea",
		"zip": "08837"
	},
	{
		"address_1": "c440a0835375182d48fba64a5feff05c45bcf2885247b6eb17c886d34511408e",
		"address_2": "20a5c6f47975465f0f3a05f8cbbf2ce8",
		"city": "1820e213ffdd3ddc1a0651d6d8f1dd02",
		"country": "US",
		"deceased_date": "20a5c6f47975465f0f3a05f8cbbf2ce8",
		"dob": "dbebb73620aa09aee14a49c29c27d147",
		"email": "20a5c6f47975465f0f3a05f8cbbf2ce8",
		"empi": "20a5c6f47975465f0f3a05f8cbbf2ce8",
		"first_name": "61011add601b66b9f0c39e2a2b9c65e7",
		"gender": "F",
		"hic": "20a5c6f47975465f0f3a05f8cbbf2ce8",
		"last_name": "9900c485d90bd8c4660e830dc266f60c",
		"middle_name": "20a5c6f47975465f0f3a05f8cbbf2ce8",
		"mother_maiden": "20a5c6f47975465f0f3a05f8cbbf2ce8",
		"mrn": "cd5af5ac9da0b96aaf45921af853bcc8",
		"npi": "20a5c6f47975465f0f3a05f8cbbf2ce8",
		"phone_home": "21b0d888b0de89ad973d0da51e5eb45c",
		"phone_mobile": "20a5c6f47975465f0f3a05f8cbbf2ce8",
		"phone_work": "20a5c6f47975465f0f3a05f8cbbf2ce8",
		"previous_name": "20a5c6f47975465f0f3a05f8cbbf2ce8",
		"record_type": "01",
		"row_id": "088ba0a2-3076-4819-b91c-a6d79a47fe95",
		"ssn": "20a5c6f47975465f0f3a05f8cbbf2ce8",
		"state": "eff47d2ddeac470ac71b695e77eeecea",
		"zip": "08837"
	},
	{
		"address_1": "c440a0835375182d48fba64a5feff05c45bcf2885247b6eb17c886d34511408e",
		"address_2": "20a5c6f47975465f0f3a05f8cbbf2ce8",
		"city": "1820e213ffdd3ddc1a0651d6d8f1dd02",
		"country": "US",
		"deceased_date": "20a5c6f47975465f0f3a05f8cbbf2ce8",
		"dob": "3588a6c267087f185f8648c384d9b8d1",
		"email": "20a5c6f47975465f0f3a05f8cbbf2ce8",
		"empi": "20a5c6f47975465f0f3a05f8cbbf2ce8",
		"first_name": "f406ab0df4316507b4c1521ddd175fc1",
		"gender": "M",
		"hic": "20a5c6f47975465f0f3a05f8cbbf2ce8",
		"language": "ENGLISH",
		"last_name": "827342b07689041ca44ff44c49f98434",
		"middle_name": "20a5c6f47975465f0f3a05f8cbbf2ce8",
		"mother_maiden": "20a5c6f47975465f0f3a05f8cbbf2ce8",
		"mrn": "e8a23cc9324bb091640d5beef4edcccb",
		"npi": "20a5c6f47975465f0f3a05f8cbbf2ce8",
		"phone_home": "21b0d888b0de89ad973d0da51e5eb45c",
		"phone_mobile": "21b0d888b0de89ad973d0da51e5eb45c",
		"phone_work": "20a5c6f47975465f0f3a05f8cbbf2ce8",
		"previous_name": "20a5c6f47975465f0f3a05f8cbbf2ce8",
		"record_type": "01",
		"row_id": "647f5781-3cc8-49ad-8b63-28d9d954094d",
		"ssn": "20a5c6f47975465f0f3a05f8cbbf2ce8",
		"state": "eff47d2ddeac470ac71b695e77eeecea",
		"zip": "08837"
	}
]
