[
	{
		"apponitment_facility_name": "Watch Us Grow Pediatrics",
		"code_description": "Major depressive disorder,single episode,unspecified",
		"code_sequence": "2",
		"code_type": "ICD-10",
		"code_value": "F32.9",
		"empi": "20a5c6f47975465f0f3a05f8cbbf2ce8",
		"facility_unique_id": "1",
		"hic": "20a5c6f47975465f0f3a05f8cbbf2ce8",
		"locked_vs_unlocked": "LOCKED",
		"mrn": "e3433670875fb45a3eb8d799a03fa318",
		"record_type": "03",
		"rendering_doctor_first_name": "20a5c6f47975465f0f3a05f8cbbf2ce8",
		"rendering_doctor_last_name": "20a5c6f47975465f0f3a05f8cbbf2ce8",
		"rendering_doctor_npi": "20a5c6f47975465f0f3a05f8cbbf2ce8",
		"row_id": "84465a92-a4f0-4f0a-94a3-7de2a0a88e29",
		"ssn": "20a5c6f47975465f0f3a05f8cbbf2ce8",
		"visit_date": "12/21/2023",
		"visit_number": "287696"
	},
	{
		"apponitment_facility_name": "Watch Us Grow Pediatrics",
		"code_description": "Dietary counseling and surveillance",
		"code_sequence": "4",
		"code_type": "ICD-10",
		"code_value": "Z71.3",
		"empi": "20a5c6f47975465f0f3a05f8cbbf2ce8",
		"facility_unique_id": "1",
		"hic": "20a5c6f47975465f0f3a05f8cbbf2ce8",
		"locked_vs_unlocked": "LOCKED",
		"mrn": "cce0716d072f75f6e317102656441c25",
		"record_type": "03",
		"rendering_doctor_first_name": "20a5c6f47975465f0f3a05f8cbbf2ce8",
		"rendering_doctor_last_name": "20a5c6f47975465f0f3a05f8cbbf2ce8",
		"rendering_doctor_npi": "20a5c6f47975465f0f3a05f8cbbf2ce8",
		"row_id": "6bb2f712-00ae-4a6b-8e74-d6423de687a2",
		"ssn": "20a5c6f47975465f0f3a05f8cbbf2ce8",
		"visit_date": "12/21/2023",
		"visit_number": "287696"
	},
	{
		"apponitment_facility_name": "Watch Us Grow Pediatrics",
		"code_description": "Anxiety disorder,unspecified",
		"code_sequence": "1",
		"code_type": "ICD-10",
		"code_value": "F41.9",
		"empi": "20a5c6f47975465f0f3a05f8cbbf2ce8",
		"facility_unique_id": "1",
		"hic": "20a5c6f47975465f0f3a05f8cbbf2ce8",
		"locked_vs_unlocked": "LOCKED",
		"mrn": "8775732384f63816aa028bc975b117f5",
		"record_type": "03",
		"rendering_doctor_first_name": "20a5c6f47975465f0f3a05f8cbbf2ce8",
		"rendering_doctor_last_name": "20a5c6f47975465f0f3a05f8cbbf2ce8",
		"rendering_doctor_npi": "20a5c6f47975465f0f3a05f8cbbf2ce8",
		"row_id": "df8fe813-cd59-4135-955f-6fba266464ba",
		"ssn": "20a5c6f47975465f0f3a05f8cbbf2ce8",
		"visit_date": "12/21/2023",
		"visit_number": "287696"
	},
	{
		"apponitment_facility_name": "Watch Us Grow Pediatrics",
		"code_description": "OFFICE/OUTPATIENT VISIT,EST",
		"code_type": "CPT",
		"code_value": "99213",
		"empi": "20a5c6f47975465f0f3a05f8cbbf2ce8",
		"facility_unique_id": "1",
		"hic": "20a5c6f47975465f0f3a05f8cbbf2ce8",
		"locked_vs_unlocked": "LOCKED",
		"mrn": "e9b70b1e2c865722518b46bbcfd861fe",
		"record_type": "03",
		"rendering_doctor_first_name": "20a5c6f47975465f0f3a05f8cbbf2ce8",
		"rendering_doctor_last_name": "20a5c6f47975465f0f3a05f8cbbf2ce8",
		"rendering_doctor_npi": "20a5c6f47975465f0f3a05f8cbbf2ce8",
		"row_id": "c3d747eb-c7f1-430c-95ea-14ffa817523c",
		"ssn": "20a5c6f47975465f0f3a05f8cbbf2ce8",
		"visit_date": "12/21/2023",
		"visit_number": "287696"
	},
	{
		"apponitment_facility_name": "Watch Us Grow Pediatrics",
		"code_description": "long term current meds",
		"code_sequence": "3",
		"code_type": "ICD-10",
		"code_value": "Z79.899",
		"empi": "20a5c6f47975465f0f3a05f8cbbf2ce8",
		"facility_unique_id": "1",
		"hic": "20a5c6f47975465f0f3a05f8cbbf2ce8",
		"locked_vs_unlocked": "LOCKED",
		"mrn": "e8a23cc9324bb091640d5beef4edcccb",
		"record_type": "03",
		"rendering_doctor_first_name": "20a5c6f47975465f0f3a05f8cbbf2ce8",
		"rendering_doctor_last_name": "20a5c6f47975465f0f3a05f8cbbf2ce8",
		"rendering_doctor_npi": "20a5c6f47975465f0f3a05f8cbbf2ce8",
		"row_id": "90f2b035-3870-49c1-9d81-6042f910e7e5",
		"ssn": "20a5c6f47975465f0f3a05f8cbbf2ce8",
		"visit_date": "12/21/2023",
		"visit_number": "287696"
	},
	{
		"apponitment_facility_name": "Watch Us Grow Pediatrics",
		"code_description": "Gastro-esophageal reflux disease without esophagitis",
		"code_sequence": "1",
		"code_type": "ICD-10",
		"code_value": "K21.9",
		"empi": "20a5c6f47975465f0f3a05f8cbbf2ce8",
		"facility_unique_id": "1",
		"hic": "20a5c6f47975465f0f3a05f8cbbf2ce8",
		"locked_vs_unlocked": "LOCKED",
		"mrn": "4bf1ef5c3244c01f065efd4827084c01",
		"record_type": "03",
		"rendering_doctor_first_name": "20a5c6f47975465f0f3a05f8cbbf2ce8",
		"rendering_doctor_last_name": "20a5c6f47975465f0f3a05f8cbbf2ce8",
		"rendering_doctor_npi": "20a5c6f47975465f0f3a05f8cbbf2ce8",
		"row_id": "887c3a23-40af-4071-a160-b15d021b8a97",
		"ssn": "20a5c6f47975465f0f3a05f8cbbf2ce8",
		"visit_date": "12/21/2023",
		"visit_number": "287693"
	},
	{
		"apponitment_facility_name": "Watch Us Grow Pediatrics",
		"code_description": "OFFICE/OUTPATIENT VISIT,EST",
		"code_type": "CPT",
		"code_value": "99213",
		"empi": "20a5c6f47975465f0f3a05f8cbbf2ce8",
		"facility_unique_id": "1",
		"hic": "20a5c6f47975465f0f3a05f8cbbf2ce8",
		"locked_vs_unlocked": "LOCKED",
		"mrn": "9cffe12f47dba666b7a1dac863bdcc0e",
		"record_type": "03",
		"rendering_doctor_first_name": "20a5c6f47975465f0f3a05f8cbbf2ce8",
		"rendering_doctor_last_name": "20a5c6f47975465f0f3a05f8cbbf2ce8",
		"rendering_doctor_npi": "20a5c6f47975465f0f3a05f8cbbf2ce8",
		"row_id": "3283e915-ceed-41e1-8e80-604eebf97d79",
		"ssn": "20a5c6f47975465f0f3a05f8cbbf2ce8",
		"visit_date": "12/21/2023",
		"visit_number": "287693"
	},
	{
		"apponitment_facility_name": "Watch Us Grow Pediatrics",
		"code_description": "Constipation",
		"code_sequence": "3",
		"code_type": "ICD-10",
		"code_value": "K59.00",
		"empi": "20a5c6f47975465f0f3a05f8cbbf2ce8",
		"facility_unique_id": "1",
		"hic": "20a5c6f47975465f0f3a05f8cbbf2ce8",
		"locked_vs_unlocked": "LOCKED",
		"mrn": "4f243a4d13ac4b25af2fec8b21afe816",
		"record_type": "03",
		"rendering_doctor_first_name": "20a5c6f47975465f0f3a05f8cbbf2ce8",
		"rendering_doctor_last_name": "20a5c6f47975465f0f3a05f8cbbf2ce8",
		"rendering_doctor_npi": "20a5c6f47975465f0f3a05f8cbbf2ce8",
		"row_id": "838e62fa-0776-4a36-a0c3-3b943527eec3",
		"ssn": "20a5c6f47975465f0f3a05f8cbbf2ce8",
		"visit_date": "12/21/2023",
		"visit_number": "287693"
	},
	{
		"apponitment_facility_name": "Watch Us Grow Pediatrics",
		"code_description": "Unspecified acute conjunctivitis,bilateral",
		"code_sequence": "2",
		"code_type": "ICD-10",
		"code_value": "H10.33",
		"empi": "20a5c6f47975465f0f3a05f8cbbf2ce8",
		"facility_unique_id": "1",
		"hic": "20a5c6f47975465f0f3a05f8cbbf2ce8",
		"locked_vs_unlocked": "LOCKED",
		"mrn": "6ed36051e4abb0e1df50af90e7e01ac4",
		"record_type": "03",
		"rendering_doctor_first_name": "20a5c6f47975465f0f3a05f8cbbf2ce8",
		"rendering_doctor_last_name": "20a5c6f47975465f0f3a05f8cbbf2ce8",
		"rendering_doctor_npi": "20a5c6f47975465f0f3a05f8cbbf2ce8",
		"row_id": "4925f2d4-e7c0-400c-9ad2-1dad382d74ec",
		"ssn": "20a5c6f47975465f0f3a05f8cbbf2ce8",
		"visit_date": "12/21/2023",
		"visit_number": "287693"
	}
]
