[
	{
		"empi": "20a5c6f47975465f0f3a05f8cbbf2ce8",
		"hic": "20a5c6f47975465f0f3a05f8cbbf2ce8",
		"mrn": "e3433670875fb45a3eb8d799a03fa318",
		"primary_diagnosis_code": "F41.9",
		"primary_diagnosis_code_system": "ICD10",
		"primary_diagnosis_description": "Anxiety disorder,unspecified",
		"record_type": "02",
		"rendering_doctor_firstname": "20a5c6f47975465f0f3a05f8cbbf2ce8",
		"rendering_doctor_lastname": "20a5c6f47975465f0f3a05f8cbbf2ce8",
		"rendering_doctor_mid_initial": "20a5c6f47975465f0f3a05f8cbbf2ce8",
		"rendering_doctor_npi": "20a5c6f47975465f0f3a05f8cbbf2ce8",
		"row_id": "1913e8c3-614e-425e-b529-a28a76ae8051",
		"ssn": "20a5c6f47975465f0f3a05f8cbbf2ce8",
		"visit_date": "12/21/2023",
		"visit_description": "15 year old female in with dad for Anxiety follow up and medication check",
		"visit_number": "287696"
	},
	{
		"empi": "20a5c6f47975465f0f3a05f8cbbf2ce8",
		"hic": "20a5c6f47975465f0f3a05f8cbbf2ce8",
		"mrn": "bcb908bca541b3a6445af5aac06c03e6",
		"primary_diagnosis_code": "K21.9",
		"primary_diagnosis_code_system": "ICD10",
		"primary_diagnosis_description": "Gastro-esophageal reflux disease without esophagitis",
		"record_type": "02",
		"rendering_doctor_firstname": "20a5c6f47975465f0f3a05f8cbbf2ce8",
		"rendering_doctor_lastname": "20a5c6f47975465f0f3a05f8cbbf2ce8",
		"rendering_doctor_mid_initial": "20a5c6f47975465f0f3a05f8cbbf2ce8",
		"rendering_doctor_npi": "20a5c6f47975465f0f3a05f8cbbf2ce8",
		"row_id": "0242a4b1-a634-4d8b-94c7-f8c396a9ef33",
		"ssn": "20a5c6f47975465f0f3a05f8cbbf2ce8",
		"visit_date": "12/21/2023",
		"visit_description": "6 year old female with mom here for left abdominal pain x4 days. Mom states patient has a history of constipation since she was 2 years old. No meds help. Patient uses benefiber and miralax.",
		"visit_number": "287693"
	},
	{
		"empi": "20a5c6f47975465f0f3a05f8cbbf2ce8",
		"hic": "20a5c6f47975465f0f3a05f8cbbf2ce8",
		"mrn": "bae5456a36d324aced1c7f9bedb1a2e8",
		"primary_diagnosis_code": "Z71.1",
		"primary_diagnosis_code_system": "ICD10",
		"primary_diagnosis_description": "Person w feared hlth complaint in whom no diagnosis is made",
		"record_type": "02",
		"rendering_doctor_firstname": "20a5c6f47975465f0f3a05f8cbbf2ce8",
		"rendering_doctor_lastname": "20a5c6f47975465f0f3a05f8cbbf2ce8",
		"rendering_doctor_mid_initial": "20a5c6f47975465f0f3a05f8cbbf2ce8",
		"rendering_doctor_npi": "20a5c6f47975465f0f3a05f8cbbf2ce8",
		"row_id": "91b061f0-395b-441e-a496-e78f05ab39a1",
		"ssn": "20a5c6f47975465f0f3a05f8cbbf2ce8",
		"visit_date": "12/22/2023",
		"visit_description": "16day old F in with mom for wheezing,noticed some congestion last night,aunt has sterp",
		"visit_number": "287738"
	},
	{
		"empi": "5f6aff1ce6a969e67db8f2660265467c",
		"hic": "20a5c6f47975465f0f3a05f8cbbf2ce8",
		"mrn": "cd5af5ac9da0b96aaf45921af853bcc8",
		"primary_diagnosis_code": "ICD10",
		"primary_diagnosis_code_system": "Suppurative otitis media,unspecified,right ear",
		"record_type": "02",
		"rendering_doctor_firstname": "20a5c6f47975465f0f3a05f8cbbf2ce8",
		"rendering_doctor_lastname": "20a5c6f47975465f0f3a05f8cbbf2ce8",
		"rendering_doctor_mid_initial": "20a5c6f47975465f0f3a05f8cbbf2ce8",
		"rendering_doctor_npi": "20a5c6f47975465f0f3a05f8cbbf2ce8",
		"row_id": "748d7ac6-fb34-481f-8071-ff4146f0c49c",
		"ssn": "20a5c6f47975465f0f3a05f8cbbf2ce8",
		"visit_code_system": "3 year old male in with dad for cough,congestion,runny nose,rash x2 weeks. No fevers.",
		"visit_date": "287740",
		"visit_description": "H66.41"
	},
	{
		"empi": "20a5c6f47975465f0f3a05f8cbbf2ce8",
		"hic": "20a5c6f47975465f0f3a05f8cbbf2ce8",
		"mrn": "de9d304374c6077dee047a3e8d0f2ca6",
		"primary_diagnosis_code": "J06.9",
		"primary_diagnosis_code_system": "ICD10",
		"primary_diagnosis_description": "Acute upper respiratory infection,unspecified",
		"record_type": "02",
		"rendering_doctor_firstname": "20a5c6f47975465f0f3a05f8cbbf2ce8",
		"rendering_doctor_lastname": "20a5c6f47975465f0f3a05f8cbbf2ce8",
		"rendering_doctor_mid_initial": "20a5c6f47975465f0f3a05f8cbbf2ce8",
		"rendering_doctor_npi": "20a5c6f47975465f0f3a05f8cbbf2ce8",
		"row_id": "4a28d91f-ebc2-4385-8013-04bcc229536c",
		"ssn": "20a5c6f47975465f0f3a05f8cbbf2ce8",
		"visit_date": "12/22/2023",
		"visit_description": "19mo male in with dad for c/o cold symptoms,cough,congestion,fever x4 days.",
		"visit_number": "287741"
	},
	{
		"empi": "20a5c6f47975465f0f3a05f8cbbf2ce8",
		"hic": "20a5c6f47975465f0f3a05f8cbbf2ce8",
		"mrn": "6245b53e70959f9c4f9acd7235ac1ad1",
		"primary_diagnosis_code": "H66.41",
		"primary_diagnosis_code_system": "ICD10",
		"primary_diagnosis_description": "Suppurative otitis media,unspecified,right ear",
		"record_type": "02",
		"rendering_doctor_firstname": "20a5c6f47975465f0f3a05f8cbbf2ce8",
		"rendering_doctor_lastname": "20a5c6f47975465f0f3a05f8cbbf2ce8",
		"rendering_doctor_mid_initial": "20a5c6f47975465f0f3a05f8cbbf2ce8",
		"rendering_doctor_npi": "20a5c6f47975465f0f3a05f8cbbf2ce8",
		"row_id": "373f6002-cf8c-46ec-a684-773a8cdd3009",
		"ssn": "20a5c6f47975465f0f3a05f8cbbf2ce8",
		"visit_date": "12/22/2023",
		"visit_description": "3 year old male here with Mom for R ear pain and L ear drainage (no pain). Mom states pain started over a week ago. No meds given. No fevers.",
		"visit_number": "287742"
	},
	{
		"empi": "20a5c6f47975465f0f3a05f8cbbf2ce8",
		"hic": "20a5c6f47975465f0f3a05f8cbbf2ce8",
		"mrn": "4e4ad622ce3c181ae76917e41e23d56e",
		"primary_diagnosis_code": "Z51.89",
		"primary_diagnosis_code_system": "ICD10",
		"primary_diagnosis_description": "Encounter for other specified aftercare",
		"record_type": "02",
		"rendering_doctor_firstname": "20a5c6f47975465f0f3a05f8cbbf2ce8",
		"rendering_doctor_lastname": "20a5c6f47975465f0f3a05f8cbbf2ce8",
		"rendering_doctor_mid_initial": "20a5c6f47975465f0f3a05f8cbbf2ce8",
		"rendering_doctor_npi": "20a5c6f47975465f0f3a05f8cbbf2ce8",
		"row_id": "f7df7be3-a5b0-4154-befd-19feb900666e",
		"ssn": "20a5c6f47975465f0f3a05f8cbbf2ce8",
		"visit_date": "12/22/2023",
		"visit_description": "11 year old female here with Mom for UM admission follow up.",
		"visit_number": "287743"
	},
	{
		"empi": "20a5c6f47975465f0f3a05f8cbbf2ce8",
		"hic": "20a5c6f47975465f0f3a05f8cbbf2ce8",
		"mrn": "9aedb6690939edbc348a333274441f09",
		"primary_diagnosis_code": "J45.30",
		"primary_diagnosis_code_system": "ICD10",
		"primary_diagnosis_description": "Mild persistent asthma,uncomplicated",
		"record_type": "02",
		"rendering_doctor_firstname": "20a5c6f47975465f0f3a05f8cbbf2ce8",
		"rendering_doctor_lastname": "20a5c6f47975465f0f3a05f8cbbf2ce8",
		"rendering_doctor_mid_initial": "20a5c6f47975465f0f3a05f8cbbf2ce8",
		"rendering_doctor_npi": "20a5c6f47975465f0f3a05f8cbbf2ce8",
		"row_id": "54ddface-037e-4ffd-87f7-f1198096dcdc",
		"ssn": "20a5c6f47975465f0f3a05f8cbbf2ce8",
		"visit_date": "12/22/2023",
		"visit_description": "8 year old male here with mom and sibling for asthma review.",
		"visit_number": "287745"
	},
	{
		"empi": "20a5c6f47975465f0f3a05f8cbbf2ce8",
		"hic": "20a5c6f47975465f0f3a05f8cbbf2ce8",
		"mrn": "eb0b7f34e57eb410969bed650068286f",
		"primary_diagnosis_code": "J45.30",
		"primary_diagnosis_code_system": "ICD10",
		"primary_diagnosis_description": "Mild persistent asthma,uncomplicated",
		"record_type": "02",
		"rendering_doctor_firstname": "20a5c6f47975465f0f3a05f8cbbf2ce8",
		"rendering_doctor_lastname": "20a5c6f47975465f0f3a05f8cbbf2ce8",
		"rendering_doctor_mid_initial": "20a5c6f47975465f0f3a05f8cbbf2ce8",
		"rendering_doctor_npi": "20a5c6f47975465f0f3a05f8cbbf2ce8",
		"row_id": "f11ae566-4f77-4fc6-9fa7-6444be76be1e",
		"ssn": "20a5c6f47975465f0f3a05f8cbbf2ce8",
		"visit_date": "12/22/2023",
		"visit_description": "8 year old male here with mom and sibling for asthma review.",
		"visit_number": "287746"
	},
	{
		"empi": "20a5c6f47975465f0f3a05f8cbbf2ce8",
		"hic": "20a5c6f47975465f0f3a05f8cbbf2ce8",
		"mrn": "a47cc8e0526fc45d637a35521542f338",
		"primary_diagnosis_code": "J05.0",
		"primary_diagnosis_code_system": "ICD10",
		"primary_diagnosis_description": "Acute obstructive laryngitis [croup]",
		"record_type": "02",
		"rendering_doctor_firstname": "20a5c6f47975465f0f3a05f8cbbf2ce8",
		"rendering_doctor_lastname": "20a5c6f47975465f0f3a05f8cbbf2ce8",
		"rendering_doctor_mid_initial": "20a5c6f47975465f0f3a05f8cbbf2ce8",
		"rendering_doctor_npi": "20a5c6f47975465f0f3a05f8cbbf2ce8",
		"row_id": "30b4a22d-1166-4013-b2b4-35148ed25ca2",
		"ssn": "20a5c6f47975465f0f3a05f8cbbf2ce8",
		"visit_date": "12/22/2023",
		"visit_description": "2 year old male in with both parents for cough/congestion/fever x3 days.",
		"visit_number": "287748"
	},
	{
		"empi": "20a5c6f47975465f0f3a05f8cbbf2ce8",
		"hic": "20a5c6f47975465f0f3a05f8cbbf2ce8",
		"mrn": "6ed36051e4abb0e1df50af90e7e01ac4",
		"primary_diagnosis_code": "Z23",
		"primary_diagnosis_code_system": "ICD10",
		"primary_diagnosis_description": "Encounter for immunization",
		"record_type": "02",
		"rendering_doctor_firstname": "20a5c6f47975465f0f3a05f8cbbf2ce8",
		"rendering_doctor_lastname": "20a5c6f47975465f0f3a05f8cbbf2ce8",
		"rendering_doctor_mid_initial": "20a5c6f47975465f0f3a05f8cbbf2ce8",
		"rendering_doctor_npi": "20a5c6f47975465f0f3a05f8cbbf2ce8",
		"row_id": "9e08fcee-87bb-434b-8f02-2793df90c3d4",
		"ssn": "20a5c6f47975465f0f3a05f8cbbf2ce8",
		"visit_date": "12/22/2023",
		"visit_description": "6mo male in with dad for Seasonal flu vaccine 1st dose",
		"visit_number": "287749"
	}
]
