[
	{
		"bp_date_time": "12/21/2023",
		"empi": "20a5c6f47975465f0f3a05f8cbbf2ce8",
		"hic": "20a5c6f47975465f0f3a05f8cbbf2ce8",
		"mrn": "e3433670875fb45a3eb8d799a03fa318",
		"npi": "20a5c6f47975465f0f3a05f8cbbf2ce8",
		"record_type": "08",
		"row_id": "7130a2be-a58c-4223-b52f-8c9b0d5f6984",
		"ssn": "20a5c6f47975465f0f3a05f8cbbf2ce8",
		"systolic": "114",
		"visit_date": "12/21/2023",
		"vitals_name": "20a5c6f47975465f0f3a05f8cbbf2ce8"
	},
	{
		"bp_date_time": "12/21/2023",
		"diastolic": "69",
		"empi": "20a5c6f47975465f0f3a05f8cbbf2ce8",
		"hic": "20a5c6f47975465f0f3a05f8cbbf2ce8",
		"mrn": "bcb908bca541b3a6445af5aac06c03e6",
		"npi": "20a5c6f47975465f0f3a05f8cbbf2ce8",
		"record_type": "08",
		"row_id": "4a879842-185a-4657-b9dd-1434786868f8",
		"ssn": "20a5c6f47975465f0f3a05f8cbbf2ce8",
		"visit_date": "12/21/2023",
		"vitals_name": "20a5c6f47975465f0f3a05f8cbbf2ce8"
	},
	{
		"bp_date_time": "12/21/2023",
		"empi": "20a5c6f47975465f0f3a05f8cbbf2ce8",
		"hic": "20a5c6f47975465f0f3a05f8cbbf2ce8",
		"mrn": "4bf1ef5c3244c01f065efd4827084c01",
		"npi": "20a5c6f47975465f0f3a05f8cbbf2ce8",
		"record_type": "08",
		"row_id": "b1f653dc-5afb-4e68-8463-cd282f05e64c",
		"ssn": "20a5c6f47975465f0f3a05f8cbbf2ce8",
		"systolic": "114",
		"visit_date": "12/21/2023",
		"vitals_name": "20a5c6f47975465f0f3a05f8cbbf2ce8"
	},
	{
		"bp_date_time": "12/21/2023",
		"diastolic": "69",
		"empi": "20a5c6f47975465f0f3a05f8cbbf2ce8",
		"hic": "20a5c6f47975465f0f3a05f8cbbf2ce8",
		"mrn": "4f5a7e6574651cfc46aaf5084491c190",
		"npi": "20a5c6f47975465f0f3a05f8cbbf2ce8",
		"record_type": "08",
		"row_id": "79a3328d-5859-427a-b10f-5decd24ec285",
		"ssn": "20a5c6f47975465f0f3a05f8cbbf2ce8",
		"visit_date": "12/21/2023",
		"vitals_name": "20a5c6f47975465f0f3a05f8cbbf2ce8"
	},
	{
		"bp_date_time": "12/21/2023",
		"empi": "20a5c6f47975465f0f3a05f8cbbf2ce8",
		"hic": "20a5c6f47975465f0f3a05f8cbbf2ce8",
		"mrn": "b2395585deb4940e8f133266e01dddfc",
		"npi": "20a5c6f47975465f0f3a05f8cbbf2ce8",
		"record_type": "08",
		"row_id": "3a30b0e8-51c1-4967-9b18-e39f43457e9e",
		"ssn": "20a5c6f47975465f0f3a05f8cbbf2ce8",
		"systolic": "128",
		"visit_date": "12/21/2023",
		"vitals_name": "20a5c6f47975465f0f3a05f8cbbf2ce8"
	},
	{
		"bp_date_time": "12/21/2023",
		"diastolic": "68",
		"empi": "20a5c6f47975465f0f3a05f8cbbf2ce8",
		"hic": "20a5c6f47975465f0f3a05f8cbbf2ce8",
		"mrn": "0b90285d543735d844d590e89494d1ea",
		"npi": "20a5c6f47975465f0f3a05f8cbbf2ce8",
		"record_type": "08",
		"row_id": "da5744c3-8e97-46c9-a813-fb0b441da642",
		"ssn": "20a5c6f47975465f0f3a05f8cbbf2ce8",
		"visit_date": "12/21/2023",
		"vitals_name": "20a5c6f47975465f0f3a05f8cbbf2ce8"
	},
	{
		"bp_date_time": "12/22/2023",
		"empi": "20a5c6f47975465f0f3a05f8cbbf2ce8",
		"hic": "20a5c6f47975465f0f3a05f8cbbf2ce8",
		"mrn": "7bcc1d017b51c80b36d76e467a10fd85",
		"npi": "20a5c6f47975465f0f3a05f8cbbf2ce8",
		"record_type": "08",
		"row_id": "837b3ced-7f59-4f25-9fc7-c6f3f92bd977",
		"ssn": "20a5c6f47975465f0f3a05f8cbbf2ce8",
		"systolic": "109",
		"visit_date": "12/22/2023",
		"vitals_name": "20a5c6f47975465f0f3a05f8cbbf2ce8"
	},
	{
		"bp_date_time": "12/22/2023",
		"diastolic": "70",
		"empi": "20a5c6f47975465f0f3a05f8cbbf2ce8",
		"hic": "20a5c6f47975465f0f3a05f8cbbf2ce8",
		"mrn": "bc762d582c1a93186c0f874e43a6f70d",
		"npi": "20a5c6f47975465f0f3a05f8cbbf2ce8",
		"record_type": "08",
		"row_id": "60dff617-ea41-4e91-8076-7afe4cd60328",
		"ssn": "20a5c6f47975465f0f3a05f8cbbf2ce8",
		"visit_date": "12/22/2023",
		"vitals_name": "20a5c6f47975465f0f3a05f8cbbf2ce8"
	}
]
